Archive member included because of file (symbol)

/opt/gcc-arm-none-eabi/bin/../lib/gcc/arm-none-eabi/4.8.3/../../../../arm-none-eabi/lib/armv7-m/libg_s.a(lib_a-errno.o)
                              ./system/src/newlib/_sbrk.o (__errno)
/opt/gcc-arm-none-eabi/bin/../lib/gcc/arm-none-eabi/4.8.3/../../../../arm-none-eabi/lib/armv7-m/libg_s.a(lib_a-impure.o)
                              /opt/gcc-arm-none-eabi/bin/../lib/gcc/arm-none-eabi/4.8.3/../../../../arm-none-eabi/lib/armv7-m/libg_s.a(lib_a-errno.o) (_impure_ptr)
/opt/gcc-arm-none-eabi/bin/../lib/gcc/arm-none-eabi/4.8.3/../../../../arm-none-eabi/lib/armv7-m/libg_s.a(lib_a-memcpy-stub.o)
                              ./system/FreeRTOS/queue.o (memcpy)
/opt/gcc-arm-none-eabi/bin/../lib/gcc/arm-none-eabi/4.8.3/../../../../arm-none-eabi/lib/armv7-m/libg_s.a(lib_a-memset.o)
                              ./system/FreeRTOS/tasks.o (memset)
/opt/gcc-arm-none-eabi/bin/../lib/gcc/arm-none-eabi/4.8.3/../../../../arm-none-eabi/lib/armv7-m/libg_s.a(lib_a-printf.o)
                              ./src/main.o (printf)
/opt/gcc-arm-none-eabi/bin/../lib/gcc/arm-none-eabi/4.8.3/../../../../arm-none-eabi/lib/armv7-m/libg_s.a(lib_a-vfprintf.o)
                              /opt/gcc-arm-none-eabi/bin/../lib/gcc/arm-none-eabi/4.8.3/../../../../arm-none-eabi/lib/armv7-m/libg_s.a(lib_a-printf.o) (_vfprintf_r)
/opt/gcc-arm-none-eabi/bin/../lib/gcc/arm-none-eabi/4.8.3/../../../../arm-none-eabi/lib/armv7-m/libg_s.a(lib_a-vfprintf_i.o)
                              /opt/gcc-arm-none-eabi/bin/../lib/gcc/arm-none-eabi/4.8.3/../../../../arm-none-eabi/lib/armv7-m/libg_s.a(lib_a-vfprintf.o) (_printf_i)
/opt/gcc-arm-none-eabi/bin/../lib/gcc/arm-none-eabi/4.8.3/../../../../arm-none-eabi/lib/armv7-m/libg_s.a(lib_a-wbuf.o)
                              /opt/gcc-arm-none-eabi/bin/../lib/gcc/arm-none-eabi/4.8.3/../../../../arm-none-eabi/lib/armv7-m/libg_s.a(lib_a-vfprintf.o) (__swbuf_r)
/opt/gcc-arm-none-eabi/bin/../lib/gcc/arm-none-eabi/4.8.3/../../../../arm-none-eabi/lib/armv7-m/libg_s.a(lib_a-wsetup.o)
                              /opt/gcc-arm-none-eabi/bin/../lib/gcc/arm-none-eabi/4.8.3/../../../../arm-none-eabi/lib/armv7-m/libg_s.a(lib_a-vfprintf.o) (__swsetup_r)
/opt/gcc-arm-none-eabi/bin/../lib/gcc/arm-none-eabi/4.8.3/../../../../arm-none-eabi/lib/armv7-m/libg_s.a(lib_a-fflush.o)
                              /opt/gcc-arm-none-eabi/bin/../lib/gcc/arm-none-eabi/4.8.3/../../../../arm-none-eabi/lib/armv7-m/libg_s.a(lib_a-wbuf.o) (_fflush_r)
/opt/gcc-arm-none-eabi/bin/../lib/gcc/arm-none-eabi/4.8.3/../../../../arm-none-eabi/lib/armv7-m/libg_s.a(lib_a-findfp.o)
                              /opt/gcc-arm-none-eabi/bin/../lib/gcc/arm-none-eabi/4.8.3/../../../../arm-none-eabi/lib/armv7-m/libg_s.a(lib_a-printf.o) (__sinit)
/opt/gcc-arm-none-eabi/bin/../lib/gcc/arm-none-eabi/4.8.3/../../../../arm-none-eabi/lib/armv7-m/libg_s.a(lib_a-fvwrite.o)
                              /opt/gcc-arm-none-eabi/bin/../lib/gcc/arm-none-eabi/4.8.3/../../../../arm-none-eabi/lib/armv7-m/libg_s.a(lib_a-vfprintf.o) (__sfvwrite_r)
/opt/gcc-arm-none-eabi/bin/../lib/gcc/arm-none-eabi/4.8.3/../../../../arm-none-eabi/lib/armv7-m/libg_s.a(lib_a-fwalk.o)
                              /opt/gcc-arm-none-eabi/bin/../lib/gcc/arm-none-eabi/4.8.3/../../../../arm-none-eabi/lib/armv7-m/libg_s.a(lib_a-findfp.o) (_fwalk)
/opt/gcc-arm-none-eabi/bin/../lib/gcc/arm-none-eabi/4.8.3/../../../../arm-none-eabi/lib/armv7-m/libg_s.a(lib_a-makebuf.o)
                              /opt/gcc-arm-none-eabi/bin/../lib/gcc/arm-none-eabi/4.8.3/../../../../arm-none-eabi/lib/armv7-m/libg_s.a(lib_a-wsetup.o) (__smakebuf_r)
/opt/gcc-arm-none-eabi/bin/../lib/gcc/arm-none-eabi/4.8.3/../../../../arm-none-eabi/lib/armv7-m/libg_s.a(lib_a-memchr-stub.o)
                              /opt/gcc-arm-none-eabi/bin/../lib/gcc/arm-none-eabi/4.8.3/../../../../arm-none-eabi/lib/armv7-m/libg_s.a(lib_a-vfprintf.o) (memchr)
/opt/gcc-arm-none-eabi/bin/../lib/gcc/arm-none-eabi/4.8.3/../../../../arm-none-eabi/lib/armv7-m/libg_s.a(lib_a-memmove.o)
                              /opt/gcc-arm-none-eabi/bin/../lib/gcc/arm-none-eabi/4.8.3/../../../../arm-none-eabi/lib/armv7-m/libg_s.a(lib_a-fvwrite.o) (memmove)
/opt/gcc-arm-none-eabi/bin/../lib/gcc/arm-none-eabi/4.8.3/../../../../arm-none-eabi/lib/armv7-m/libg_s.a(lib_a-nano-freer.o)
                              /opt/gcc-arm-none-eabi/bin/../lib/gcc/arm-none-eabi/4.8.3/../../../../arm-none-eabi/lib/armv7-m/libg_s.a(lib_a-wsetup.o) (_free_r)
/opt/gcc-arm-none-eabi/bin/../lib/gcc/arm-none-eabi/4.8.3/../../../../arm-none-eabi/lib/armv7-m/libg_s.a(lib_a-nano-mallocr.o)
                              /opt/gcc-arm-none-eabi/bin/../lib/gcc/arm-none-eabi/4.8.3/../../../../arm-none-eabi/lib/armv7-m/libg_s.a(lib_a-findfp.o) (_malloc_r)
/opt/gcc-arm-none-eabi/bin/../lib/gcc/arm-none-eabi/4.8.3/../../../../arm-none-eabi/lib/armv7-m/libg_s.a(lib_a-nano-reallocr.o)
[...]
Memory Configuration

Name             Origin             Length             Attributes
RAM              0x20000000         0x00018000         xrw
CCMRAM           0x00000000         0x00000000         xrw
FLASH            0x08000000         0x00040000         xr
FLASHB1          0x00000000         0x00000000         xr
EXTMEMB0         0x00000000         0x00000000         xr
EXTMEMB1         0x00000000         0x00000000         xr
EXTMEMB2         0x00000000         0x00000000         xr
EXTMEMB3         0x00000000         0x00000000         xr
MEMORY_ARRAY     0x00000000         0x00000000         xrw
*default*        0x00000000         0xffffffff

Linker script and memory map

LOAD ./system/src/newlib/_cxx.o
LOAD ./system/src/newlib/_exit.o
LOAD ./system/src/newlib/_sbrk.o
LOAD ./system/src/newlib/_startup.o
LOAD ./system/src/newlib/_syscalls.o
LOAD ./system/src/newlib/_write.o
LOAD ./system/src/newlib/assert.o
LOAD ./system/src/diag/Trace.o
LOAD ./system/src/diag/trace_impl.o
LOAD ./system/src/cortexm/_initialize_hardware.o
LOAD ./system/src/cortexm/_reset_hardware.o
LOAD ./system/src/cortexm/exception_handlers.o
LOAD ./system/src/cmsis/system_stm32f2xx.o
LOAD ./system/src/cmsis/vectors_stm32f2xx.o
LOAD ./system/STM32F2xx_HAL_Driver/Src/stm32f2xx_hal.o
LOAD ./system/STM32F2xx_HAL_Driver/Src/stm32f2xx_hal_adc.o
LOAD ./system/STM32F2xx_HAL_Driver/Src/stm32f2xx_hal_adc_ex.o
LOAD ./system/STM32F2xx_HAL_Driver/Src/stm32f2xx_hal_can.o
LOAD ./system/STM32F2xx_HAL_Driver/Src/stm32f2xx_hal_cortex.o
LOAD ./system/STM32F2xx_HAL_Driver/Src/stm32f2xx_hal_crc.o
LOAD ./system/STM32F2xx_HAL_Driver/Src/stm32f2xx_hal_cryp.o
LOAD ./system/STM32F2xx_HAL_Driver/Src/stm32f2xx_hal_dac.o
LOAD ./system/STM32F2xx_HAL_Driver/Src/stm32f2xx_hal_dac_ex.o
LOAD ./system/STM32F2xx_HAL_Driver/Src/stm32f2xx_hal_dcmi.o
LOAD ./system/STM32F2xx_HAL_Driver/Src/stm32f2xx_hal_dma.o
LOAD ./system/STM32F2xx_HAL_Driver/Src/stm32f2xx_hal_dma_ex.o
LOAD ./system/STM32F2xx_HAL_Driver/Src/stm32f2xx_hal_eth.o
LOAD ./system/STM32F2xx_HAL_Driver/Src/stm32f2xx_hal_flash.o
LOAD ./system/STM32F2xx_HAL_Driver/Src/stm32f2xx_hal_flash_ex.o
LOAD ./system/STM32F2xx_HAL_Driver/Src/stm32f2xx_hal_gpio.o
LOAD ./system/STM32F2xx_HAL_Driver/Src/stm32f2xx_hal_hash.o
LOAD ./system/STM32F2xx_HAL_Driver/Src/stm32f2xx_hal_hcd.o
LOAD ./system/STM32F2xx_HAL_Driver/Src/stm32f2xx_hal_i2c.o
LOAD ./system/STM32F2xx_HAL_Driver/Src/stm32f2xx_hal_i2s.o
LOAD ./system/STM32F2xx_HAL_Driver/Src/stm32f2xx_hal_irda.o
LOAD ./system/STM32F2xx_HAL_Driver/Src/stm32f2xx_hal_iwdg.o
LOAD ./system/STM32F2xx_HAL_Driver/Src/stm32f2xx_hal_msp_template.o
LOAD ./system/STM32F2xx_HAL_Driver/Src/stm32f2xx_hal_nand.o
LOAD ./system/STM32F2xx_HAL_Driver/Src/stm32f2xx_hal_nor.o
LOAD ./system/STM32F2xx_HAL_Driver/Src/stm32f2xx_hal_pccard.o
LOAD ./system/STM32F2xx_HAL_Driver/Src/stm32f2xx_hal_pcd.o
LOAD ./system/STM32F2xx_HAL_Driver/Src/stm32f2xx_hal_pwr.o
LOAD ./system/STM32F2xx_HAL_Driver/Src/stm32f2xx_hal_pwr_ex.o
LOAD ./system/STM32F2xx_HAL_Driver/Src/stm32f2xx_hal_rcc.o
LOAD ./system/STM32F2xx_HAL_Driver/Src/stm32f2xx_hal_rcc_ex.o
LOAD ./system/STM32F2xx_HAL_Driver/Src/stm32f2xx_hal_rng.o
LOAD ./system/STM32F2xx_HAL_Driver/Src/stm32f2xx_hal_rtc.o
LOAD ./system/STM32F2xx_HAL_Driver/Src/stm32f2xx_hal_rtc_ex.o
LOAD ./system/STM32F2xx_HAL_Driver/Src/stm32f2xx_hal_sd.o
LOAD ./system/STM32F2xx_HAL_Driver/Src/stm32f2xx_hal_smartcard.o
LOAD ./system/STM32F2xx_HAL_Driver/Src/stm32f2xx_hal_spi.o
LOAD ./system/STM32F2xx_HAL_Driver/Src/stm32f2xx_hal_sram.o
LOAD ./system/STM32F2xx_HAL_Driver/Src/stm32f2xx_hal_tim.o
LOAD ./system/STM32F2xx_HAL_Driver/Src/stm32f2xx_hal_tim_ex.o
LOAD ./system/STM32F2xx_HAL_Driver/Src/stm32f2xx_hal_uart.o
LOAD ./system/STM32F2xx_HAL_Driver/Src/stm32f2xx_hal_usart.o
LOAD ./system/STM32F2xx_HAL_Driver/Src/stm32f2xx_hal_wwdg.o
LOAD ./system/STM32F2xx_HAL_Driver/Src/stm32f2xx_ll_fsmc.o
LOAD ./system/STM32F2xx_HAL_Driver/Src/stm32f2xx_ll_sdmmc.o
LOAD ./system/STM32F2xx_HAL_Driver/Src/stm32f2xx_ll_usb.o
LOAD ./system/FreeRTOS/croutine.o
LOAD ./system/FreeRTOS/heap_4.o
LOAD ./system/FreeRTOS/list.o
LOAD ./system/FreeRTOS/port.o
LOAD ./system/FreeRTOS/queue.o
LOAD ./system/FreeRTOS/tasks.o
LOAD ./system/FreeRTOS/timers.o
LOAD ./src/main.o
LOAD ./src/stm32f2xx_it.o
LOAD ./src/vs1003.o
LOAD /opt/gcc-arm-none-eabi/bin/../lib/gcc/arm-none-eabi/4.8.3/../../../../arm-none-eabi/lib/armv7-m/libstdc++_s.a
LOAD /opt/gcc-arm-none-eabi/bin/../lib/gcc/arm-none-eabi/4.8.3/../../../../arm-none-eabi/lib/armv7-m/libm.a
START GROUP
LOAD /opt/gcc-arm-none-eabi/bin/../lib/gcc/arm-none-eabi/4.8.3/armv7-m/libgcc.a
LOAD /opt/gcc-arm-none-eabi/bin/../lib/gcc/arm-none-eabi/4.8.3/../../../../arm-none-eabi/lib/armv7-m/libg_s.a
LOAD /opt/gcc-arm-none-eabi/bin/../lib/gcc/arm-none-eabi/4.8.3/../../../../arm-none-eabi/lib/armv7-m/libc_s.a
END GROUP
START GROUP
LOAD /opt/gcc-arm-none-eabi/bin/../lib/gcc/arm-none-eabi/4.8.3/armv7-m/libgcc.a
LOAD /opt/gcc-arm-none-eabi/bin/../lib/gcc/arm-none-eabi/4.8.3/../../../../arm-none-eabi/lib/armv7-m/libc_s.a
END GROUP
                0x20018000                __stack = (ORIGIN (RAM) + 0x18000)
                0x20018000                _estack = __stack
                0x00000400                __Main_Stack_Size = 0x400
                0x00000400                PROVIDE (_Main_Stack_Size, __Main_Stack_Size)
                0x20017c00                __Main_Stack_Limit = (__stack - __Main_Stack_Size)
                0x20017c00                PROVIDE (_Main_Stack_Limit, __Main_Stack_Limit)
                0x00000100                _Minimum_Stack_Size = 0x100
                0x20000334                PROVIDE (_Heap_Begin, _end_noinit)
                0x20017c00                PROVIDE (_Heap_Limit, (__stack - __Main_Stack_Size))

.isr_vector     0x08000000      0x2c0
                0x08000000                . = ALIGN (0x4)
 *(.isr_vector)
 .isr_vector    0x08000000      0x184 ./system/src/cmsis/vectors_stm32f2xx.o
                0x08000000                __isr_vectors
 *(.cfmconfig)
 *(.after_vectors .after_vectors.*)
 .after_vectors
                0x08000184      0x10c ./system/src/newlib/_startup.o
                0x08000184                _start
 .after_vectors
                0x08000290       0x2c ./system/src/cortexm/exception_handlers.o
                0x08000290                Reset_Handler
 .after_vectors
                0x080002bc        0x4 ./system/src/cmsis/vectors_stm32f2xx.o
                0x080002bc                RTC_Alarm_IRQHandler
                0x080002bc                HASH_RNG_IRQHandler
                0x080002bc                EXTI2_IRQHandler
                0x080002bc                TIM8_CC_IRQHandler
                0x080002bc                TIM1_CC_IRQHandler
                0x080002bc                DMA2_Stream5_IRQHandler
                0x080002bc                DMA1_Stream5_IRQHandler
                0x080002bc                PVD_IRQHandler
                0x080002bc                TAMP_STAMP_IRQHandler
                0x080002bc                CAN2_RX1_IRQHandler
                0x080002bc                EXTI3_IRQHandler
                0x080002bc                TIM8_TRG_COM_TIM14_IRQHandler
                0x080002bc                TIM1_UP_TIM10_IRQHandler
                0x080002bc                TIM8_UP_TIM13_IRQHandler
                0x080002bc                I2C3_ER_IRQHandler
                0x080002bc                EXTI0_IRQHandler
                0x080002bc                I2C2_EV_IRQHandler
                0x080002bc                DMA1_Stream2_IRQHandler
                0x080002bc                CAN1_RX0_IRQHandler
                0x080002bc                OTG_HS_WKUP_IRQHandler
                0x080002bc                CAN2_SCE_IRQHandler
                0x080002bc                DMA2_Stream2_IRQHandler
                0x080002bc                SPI1_IRQHandler
                0x080002bc                TIM6_DAC_IRQHandler
                0x080002bc                TIM1_BRK_TIM9_IRQHandler
                0x080002bc                DCMI_IRQHandler
                0x080002bc                CAN2_RX0_IRQHandler
                0x080002bc                USART6_IRQHandler
                0x080002bc                USART3_IRQHandler
                0x080002bc                CRYP_IRQHandler
                0x080002bc                CAN1_RX1_IRQHandler
                0x080002bc                UART5_IRQHandler
                0x080002bc                DMA2_Stream0_IRQHandler
                0x080002bc                TIM4_IRQHandler
                0x080002bc                I2C1_EV_IRQHandler
                0x080002bc                DMA1_Stream6_IRQHandler
                0x080002bc                UART4_IRQHandler
                0x080002bc                TIM3_IRQHandler
                0x080002bc                RCC_IRQHandler
                0x080002bc                TIM8_BRK_TIM12_IRQHandler
                0x080002bc                TIM1_TRG_COM_IRQHandler
                0x080002bc                Default_Handler
                0x080002bc                EXTI15_10_IRQHandler
                0x080002bc                ADC_IRQHandler
                0x080002bc                DMA1_Stream7_IRQHandler
                0x080002bc                TIM7_IRQHandler
                0x080002bc                CAN2_TX_IRQHandler
                0x080002bc                TIM5_IRQHandler
                0x080002bc                DMA2_Stream7_IRQHandler
                0x080002bc                I2C3_EV_IRQHandler
                0x080002bc                EXTI9_5_IRQHandler
                0x080002bc                RTC_WKUP_IRQHandler
                0x080002bc                ETH_WKUP_IRQHandler
                0x080002bc                SPI2_IRQHandler
                0x080002bc                OTG_HS_EP1_IN_IRQHandler
                0x080002bc                DMA1_Stream0_IRQHandler
                0x080002bc                CAN1_TX_IRQHandler
                0x080002bc                EXTI4_IRQHandler
                0x080002bc                FSMC_IRQHandler
                0x080002bc                ETH_IRQHandler
                0x080002bc                OTG_HS_EP1_OUT_IRQHandler
                0x080002bc                WWDG_IRQHandler
                0x080002bc                TIM2_IRQHandler
                0x080002bc                OTG_FS_WKUP_IRQHandler
                0x080002bc                TIM1_TRG_COM_TIM11_IRQHandler
                0x080002bc                EXTI1_IRQHandler
                0x080002bc                USART2_IRQHandler
                0x080002bc                I2C2_ER_IRQHandler
                0x080002bc                DMA2_Stream1_IRQHandler
                0x080002bc                CAN1_SCE_IRQHandler
                0x080002bc                FLASH_IRQHandler
                0x080002bc                DMA2_Stream4_IRQHandler
                0x080002bc                USART1_IRQHandler
                0x080002bc                OTG_FS_IRQHandler
                0x080002bc                SPI3_IRQHandler
                0x080002bc                DMA1_Stream4_IRQHandler
                0x080002bc                I2C1_ER_IRQHandler
                0x080002bc                DMA1_Stream3_IRQHandler
                0x080002c0                . = ALIGN (0x4)

.inits          0x080002c0        0x0
                0x080002c0                . = ALIGN (0x4)
 *(.init)
 *(.fini)
                0x080002c0                . = ALIGN (0x4)
                0x080002c0                PROVIDE (__preinit_array_start, .)
 *(.preinit_array_sysinit .preinit_array_sysinit.*)
 *(.preinit_array_platform .preinit_array_platform.*)
 *(.preinit_array .preinit_array.*)
                0x080002c0                PROVIDE (__preinit_array_end, .)
                0x080002c0                . = ALIGN (0x4)
                0x080002c0                PROVIDE (__init_array_start, .)
 *(SORT(.init_array.*))
 *(.init_array)
                0x080002c0                PROVIDE (__init_array_end, .)
                0x080002c0                . = ALIGN (0x4)
                0x080002c0                PROVIDE (__fini_array_start, .)
 *(SORT(.fini_array.*))
 *(.fini_array)
                0x080002c0                PROVIDE (__fini_array_end, .)
                0x080002c0                . = ALIGN (0x4)

.flashtext      0x080002c0        0x0
                0x080002c0                . = ALIGN (0x4)
 *(.flashtext .flashtext.*)
                0x080002c0                . = ALIGN (0x4)

.text           0x080002c0     0xba34
                0x080002c0                . = ALIGN (0x4)
 *(.text .text.*)
 .text._exit    0x080002c0        0x4 ./system/src/newlib/_exit.o
                0x080002c0                _exit
 .text.abort    0x080002c4        0x8 ./system/src/newlib/_exit.o
                0x080002c4                abort
 .text._sbrk    0x080002cc       0x44 ./system/src/newlib/_sbrk.o
                0x080002cc                _sbrk
 .text.__initialize_args
                0x08000310       0x10 ./system/src/newlib/_syscalls.o
                0x08000310                __initialize_args
 .text.assert_failed
                0x08000320        0x8 ./system/src/newlib/assert.o
                0x08000320                assert_failed
 .text.__initialize_hardware
                0x08000328        0x8 ./system/src/cortexm/_initialize_hardware.o
                0x08000328                __initialize_hardware
 .text.SystemInit
                0x08000330       0x40 ./system/src/cmsis/system_stm32f2xx.o
                0x08000330                SystemInit
 .text.HAL_Init
                0x08000370       0x30 ./system/STM32F2xx_HAL_Driver/Src/stm32f2xx_hal.o
                0x08000370                HAL_Init
 .text.HAL_GetTick
                0x080003a0        0xc ./system/STM32F2xx_HAL_Driver/Src/stm32f2xx_hal.o
                0x080003a0                HAL_GetTick
 .text.HAL_NVIC_SetPriorityGrouping
                0x080003ac       0x3c ./system/STM32F2xx_HAL_Driver/Src/stm32f2xx_hal_cortex.o
                0x080003ac                HAL_NVIC_SetPriorityGrouping
 .text.HAL_NVIC_SetPriority
                0x080003e8       0x84 ./system/STM32F2xx_HAL_Driver/Src/stm32f2xx_hal_cortex.o
                0x080003e8                HAL_NVIC_SetPriority
 .text.HAL_NVIC_EnableIRQ
                0x0800046c       0x18 ./system/STM32F2xx_HAL_Driver/Src/stm32f2xx_hal_cortex.o
                0x0800046c                HAL_NVIC_EnableIRQ
 .text.DMA_SetConfig
                0x08000484       0x24 ./system/STM32F2xx_HAL_Driver/Src/stm32f2xx_hal_dma.o
 .text.HAL_DMA_Init
                0x080004a8      0x218 ./system/STM32F2xx_HAL_Driver/Src/stm32f2xx_hal_dma.o
                0x080004a8                HAL_DMA_Init
 .text.HAL_DMA_Start_IT
                0x080006c0       0x90 ./system/STM32F2xx_HAL_Driver/Src/stm32f2xx_hal_dma.o
                0x080006c0                HAL_DMA_Start_IT
 .text.HAL_DMA_IRQHandler
                0x08000750     0x23dc ./system/STM32F2xx_HAL_Driver/Src/stm32f2xx_hal_dma.o
                0x08000750                HAL_DMA_IRQHandler
 .text.HAL_GPIO_Init
                0x08002b2c      0x308 ./system/STM32F2xx_HAL_Driver/Src/stm32f2xx_hal_gpio.o
                0x08002b2c                HAL_GPIO_Init
 .text.HAL_GPIO_ReadPin
                0x08002e34       0x74 ./system/STM32F2xx_HAL_Driver/Src/stm32f2xx_hal_gpio.o
                0x08002e34                HAL_GPIO_ReadPin
 .text.HAL_GPIO_WritePin
                0x08002ea8       0x80 ./system/STM32F2xx_HAL_Driver/Src/stm32f2xx_hal_gpio.o
                0x08002ea8                HAL_GPIO_WritePin
 .text.HAL_MspInit
                0x08002f28        0x4 ./system/STM32F2xx_HAL_Driver/Src/stm32f2xx_hal_msp_template.o
                0x08002f28                HAL_MspInit
 .text.HAL_RCC_OscConfig
                0x08002f2c      0x48c ./system/STM32F2xx_HAL_Driver/Src/stm32f2xx_hal_rcc.o
                0x08002f2c                HAL_RCC_OscConfig
 .text.HAL_RCC_GetSysClockFreq
                0x080033b8       0x90 ./system/STM32F2xx_HAL_Driver/Src/stm32f2xx_hal_rcc.o
                0x080033b8                HAL_RCC_GetSysClockFreq
 .text.HAL_RCC_GetHCLKFreq
                0x08003448       0x38 ./system/STM32F2xx_HAL_Driver/Src/stm32f2xx_hal_rcc.o
                0x08003448                HAL_RCC_GetHCLKFreq
 .text.HAL_RCC_ClockConfig
                0x08003480      0x344 ./system/STM32F2xx_HAL_Driver/Src/stm32f2xx_hal_rcc.o
                0x08003480                HAL_RCC_ClockConfig
 .text.HAL_RCC_GetPCLK1Freq
                0x080037c4       0x30 ./system/STM32F2xx_HAL_Driver/Src/stm32f2xx_hal_rcc.o
                0x080037c4                HAL_RCC_GetPCLK1Freq
 .text.HAL_RCC_GetPCLK2Freq
                0x080037f4       0x30 ./system/STM32F2xx_HAL_Driver/Src/stm32f2xx_hal_rcc.o
                0x080037f4                HAL_RCC_GetPCLK2Freq
 .text.HAL_SPI_MspInit
                0x08003824        0x4 ./system/STM32F2xx_HAL_Driver/Src/stm32f2xx_hal_spi.o
                0x08003824                HAL_SPI_MspInit
 .text.HAL_SPI_Init
                0x08003828      0x168 ./system/STM32F2xx_HAL_Driver/Src/stm32f2xx_hal_spi.o
                0x08003828                HAL_SPI_Init
 .text.UART_SetConfig
                0x08003990      0x318 ./system/STM32F2xx_HAL_Driver/Src/stm32f2xx_hal_uart.o
 .text.UART_WaitOnFlagUntilTimeout
                0x08003ca8       0xcc ./system/STM32F2xx_HAL_Driver/Src/stm32f2xx_hal_uart.o
 .text.HAL_UART_MspInit
                0x08003d74        0x4 ./system/STM32F2xx_HAL_Driver/Src/stm32f2xx_hal_uart.o
                0x08003d74                HAL_UART_MspInit
 .text.HAL_UART_Init
                0x08003d78       0xcc ./system/STM32F2xx_HAL_Driver/Src/stm32f2xx_hal_uart.o
                0x08003d78                HAL_UART_Init
 .text.HAL_UART_Transmit
                0x08003e44       0xec ./system/STM32F2xx_HAL_Driver/Src/stm32f2xx_hal_uart.o
                0x08003e44                HAL_UART_Transmit
 .text.vListInsertEnd
                0x08003f30       0x18 ./system/FreeRTOS/list.o
                0x08003f30                vListInsertEnd
 .text.uxListRemove
                0x08003f48       0x24 ./system/FreeRTOS/list.o
                0x08003f48                uxListRemove
 .text.SVC_Handler
                0x08003f6c       0x20 ./system/FreeRTOS/port.o
                0x08003f6c                SVC_Handler
 .text.ulPortSetInterruptMask
                0x08003f8c       0x10 ./system/FreeRTOS/port.o
                0x08003f8c                ulPortSetInterruptMask
 .text.vPortClearInterruptMask
                0x08003f9c        0x8 ./system/FreeRTOS/port.o
                0x08003f9c                vPortClearInterruptMask
 .text.PendSV_Handler
                0x08003fa4       0x3c ./system/FreeRTOS/port.o
                0x08003fa4                PendSV_Handler
 .text.xPortSysTickHandler
                0x08003fe0       0x20 ./system/FreeRTOS/port.o
                0x08003fe0                xPortSysTickHandler
 .text.xTaskIncrementTick
                0x08004000      0x13c ./system/FreeRTOS/tasks.o
                0x08004000                xTaskIncrementTick
 .text.vTaskSwitchContext
                0x0800413c       0x78 ./system/FreeRTOS/tasks.o
                0x0800413c                vTaskSwitchContext
 .text.xTaskGetSchedulerState
                0x080041b4       0x20 ./system/FreeRTOS/tasks.o
                0x080041b4                xTaskGetSchedulerState
 .text.dmaErrorCallback
                0x080041d4        0x4 ./src/main.o
                0x080041d4                dmaErrorCallback
 .text.DMAFinish
                0x080041d8       0x48 ./src/main.o
                0x080041d8                DMAFinish
 .text.SystemClock_Config
                0x08004220       0x4c ./src/main.o
 .text.DMA_Config
                0x0800426c       0x98 ./src/main.o
 .text._write   0x08004304       0x18 ./src/main.o
                0x08004304                _write
 .text._fstat   0x0800431c        0xc ./src/main.o
                0x0800431c                _fstat
 .text._close   0x08004328        0x8 ./src/main.o
                0x08004328                _close
 .text._isatty  0x08004330        0x4 ./src/main.o
                0x08004330                _isatty
 .text._lseek   0x08004334        0x8 ./src/main.o
                0x08004334                _lseek
 .text._read    0x0800433c        0x4 ./src/main.o
                0x0800433c                _read
 .text.UART_Init
                0x08004340       0xa4 ./src/main.o
                0x08004340                UART_Init
 .text.DMA1_Stream1_IRQHandler
                0x080043e4       0x10 ./src/main.o
                0x080043e4                DMA1_Stream1_IRQHandler
 .text.main     0x080043f4       0x9c ./src/main.o
                0x080043f4                main
 .text.NMI_Handler
                0x08004490        0x4 ./src/stm32f2xx_it.o
                0x08004490                NMI_Handler
 .text.HardFault_Handler
                0x08004494        0x4 ./src/stm32f2xx_it.o
                0x08004494                HardFault_Handler
 .text.MemManage_Handler
                0x08004498        0x4 ./src/stm32f2xx_it.o
                0x08004498                MemManage_Handler
 .text.BusFault_Handler
                0x0800449c        0x4 ./src/stm32f2xx_it.o
                0x0800449c                BusFault_Handler
 .text.UsageFault_Handler
                0x080044a0        0x4 ./src/stm32f2xx_it.o
                0x080044a0                UsageFault_Handler
 .text.DebugMon_Handler
                0x080044a4        0x4 ./src/stm32f2xx_it.o
                0x080044a4                DebugMon_Handler
 .text.SysTick_Handler
                0x080044a8       0x10 ./src/stm32f2xx_it.o
                0x080044a8                SysTick_Handler
 .text.OTG_HS_IRQHandler
                0x080044b8        0x4 ./src/stm32f2xx_it.o
                0x080044b8                OTG_HS_IRQHandler
 .text.DMA2_Stream3_IRQHandler
                0x080044bc        0x4 ./src/stm32f2xx_it.o
                0x080044bc                DMA2_Stream3_IRQHandler
 .text.DMA2_Stream6_IRQHandler
                0x080044c0        0x4 ./src/stm32f2xx_it.o
                0x080044c0                DMA2_Stream6_IRQHandler
 .text.SDIO_IRQHandler
                0x080044c4        0x4 ./src/stm32f2xx_it.o
                0x080044c4                SDIO_IRQHandler
 .text.VS1003_GPIO_conf
                0x080044c8       0x90 ./src/vs1003.o
                0x080044c8                VS1003_GPIO_conf
 .text.VS1003_SPI_SpeedUp
                0x08004558       0x18 ./src/vs1003.o
                0x08004558                VS1003_SPI_SpeedUp
 .text.VS1003_SPI_conf
                0x08004570       0x6c ./src/vs1003.o
                0x08004570                VS1003_SPI_conf
 .text.SPIPutChar
                0x080045dc       0x1c ./src/vs1003.o
                0x080045dc                SPIPutChar
 .text.ControlReset
                0x080045f8       0x18 ./src/vs1003.o
                0x080045f8                ControlReset
 .text.SCI_ChipSelect
                0x08004610       0x18 ./src/vs1003.o
                0x08004610                SCI_ChipSelect
 .text.SDI_ChipSelect
                0x08004628       0x18 ./src/vs1003.o
                0x08004628                SDI_ChipSelect
 .text.WriteRegister
                0x08004640       0x5c ./src/vs1003.o
                0x08004640                WriteRegister
 .text.ReadRegister
                0x0800469c       0x60 ./src/vs1003.o
                0x0800469c                ReadRegister
 .text.ResetChip
                0x080046fc       0x38 ./src/vs1003.o
                0x080046fc                ResetChip
 .text.VS1003_PluginLoad
                0x08004734       0x2c ./src/vs1003.o
                0x08004734                VS1003_PluginLoad
 .text.VS1003_Start
                0x08004760       0x40 ./src/vs1003.o
                0x08004760                VS1003_Start
 .text.VS1003_SendMusicBytes
                0x080047a0       0x78 ./src/vs1003.o
                0x080047a0                VS1003_SendMusicBytes
 .text.VS1003_SetVolume
                0x08004818       0x10 ./src/vs1003.o
                0x08004818                VS1003_SetVolume
 .text.VS1003_SetBass
                0x08004828       0x2c ./src/vs1003.o
                0x08004828                VS1003_SetBass
 .text.__errno  0x08004854        0xc /opt/gcc-arm-none-eabi/bin/../lib/gcc/arm-none-eabi/4.8.3/../../../../arm-none-eabi/lib/armv7-m/libg_s.a(lib_a-errno.o)
                0x08004854                __errno
 .text.memset   0x08004860       0x10 /opt/gcc-arm-none-eabi/bin/../lib/gcc/arm-none-eabi/4.8.3/../../../../arm-none-eabi/lib/armv7-m/libg_s.a(lib_a-memset.o)
                0x08004860                memset
 .text.printf   0x08004870       0x30 /opt/gcc-arm-none-eabi/bin/../lib/gcc/arm-none-eabi/4.8.3/../../../../arm-none-eabi/lib/armv7-m/libg_s.a(lib_a-printf.o)
                0x08004870                printf
                0x08004870                iprintf
 .text.__sfputc_r
                0x080048a0       0x2c /opt/gcc-arm-none-eabi/bin/../lib/gcc/arm-none-eabi/4.8.3/../../../../arm-none-eabi/lib/armv7-m/libg_s.a(lib_a-vfprintf.o)
 .text.__sfputs_r
                0x080048cc       0x24 /opt/gcc-arm-none-eabi/bin/../lib/gcc/arm-none-eabi/4.8.3/../../../../arm-none-eabi/lib/armv7-m/libg_s.a(lib_a-vfprintf.o)
                0x080048cc                __sfputs_r
 .text._vfprintf_r
                0x080048f0      0x208 /opt/gcc-arm-none-eabi/bin/../lib/gcc/arm-none-eabi/4.8.3/../../../../arm-none-eabi/lib/armv7-m/libg_s.a(lib_a-vfprintf.o)
                0x080048f0                _vfiprintf_r
                0x080048f0                _vfprintf_r
 .text._printf_common
                0x08004af8       0xe4 /opt/gcc-arm-none-eabi/bin/../lib/gcc/arm-none-eabi/4.8.3/../../../../arm-none-eabi/lib/armv7-m/libg_s.a(lib_a-vfprintf_i.o)
                0x08004af8                _printf_common
 .text._printf_i
                0x08004bdc      0x228 /opt/gcc-arm-none-eabi/bin/../lib/gcc/arm-none-eabi/4.8.3/../../../../arm-none-eabi/lib/armv7-m/libg_s.a(lib_a-vfprintf_i.o)
                0x08004bdc                _printf_i
 .text.__swbuf_r
                0x08004e04       0xa8 /opt/gcc-arm-none-eabi/bin/../lib/gcc/arm-none-eabi/4.8.3/../../../../arm-none-eabi/lib/armv7-m/libg_s.a(lib_a-wbuf.o)
                0x08004e04                __swbuf_r
 .text.__swsetup_r
                0x08004eac       0xdc /opt/gcc-arm-none-eabi/bin/../lib/gcc/arm-none-eabi/4.8.3/../../../../arm-none-eabi/lib/armv7-m/libg_s.a(lib_a-wsetup.o)
                0x08004eac                __swsetup_r
 .text.__sflush_r
                0x08004f88      0x106 /opt/gcc-arm-none-eabi/bin/../lib/gcc/arm-none-eabi/4.8.3/../../../../arm-none-eabi/lib/armv7-m/libg_s.a(lib_a-fflush.o)
                0x08004f88                __sflush_r
 *fill*         0x0800508e        0x2 
 .text._fflush_r
                0x08005090       0x54 /opt/gcc-arm-none-eabi/bin/../lib/gcc/arm-none-eabi/4.8.3/../../../../arm-none-eabi/lib/armv7-m/libg_s.a(lib_a-fflush.o)
                0x08005090                _fflush_r
 .text._cleanup_r
                0x080050e4       0x32 /opt/gcc-arm-none-eabi/bin/../lib/gcc/arm-none-eabi/4.8.3/../../../../arm-none-eabi/lib/armv7-m/libg_s.a(lib_a-findfp.o)
                0x080050e4                _cleanup_r
 *fill*         0x08005116        0x2 
 .text.std.isra.0
                0x08005118       0x48 /opt/gcc-arm-none-eabi/bin/../lib/gcc/arm-none-eabi/4.8.3/../../../../arm-none-eabi/lib/armv7-m/libg_s.a(lib_a-findfp.o)
 .text.__sfmoreglue
                0x08005160       0x2c /opt/gcc-arm-none-eabi/bin/../lib/gcc/arm-none-eabi/4.8.3/../../../../arm-none-eabi/lib/armv7-m/libg_s.a(lib_a-findfp.o)
                0x08005160                __sfmoreglue
 .text.__sinit  0x0800518c       0x60 /opt/gcc-arm-none-eabi/bin/../lib/gcc/arm-none-eabi/4.8.3/../../../../arm-none-eabi/lib/armv7-m/libg_s.a(lib_a-findfp.o)
                0x0800518c                __sinit
 .text.__sfp    0x080051ec       0x74 /opt/gcc-arm-none-eabi/bin/../lib/gcc/arm-none-eabi/4.8.3/../../../../arm-none-eabi/lib/armv7-m/libg_s.a(lib_a-findfp.o)
                0x080051ec                __sfp
 .text.__smakebuf_r
                0x08005260       0x98 /opt/gcc-arm-none-eabi/bin/../lib/gcc/arm-none-eabi/4.8.3/../../../../arm-none-eabi/lib/armv7-m/libg_s.a(lib_a-makebuf.o)
                0x08005260                __smakebuf_r
 .text.memchr   0x080052f8       0x1c /opt/gcc-arm-none-eabi/bin/../lib/gcc/arm-none-eabi/4.8.3/../../../../arm-none-eabi/lib/armv7-m/libg_s.a(lib_a-memchr-stub.o)
                0x080052f8                memchr
 .text._free_r  0x08005314       0x88 /opt/gcc-arm-none-eabi/bin/../lib/gcc/arm-none-eabi/4.8.3/../../../../arm-none-eabi/lib/armv7-m/libg_s.a(lib_a-nano-freer.o)
                0x08005314                _free_r
 .text._malloc_r
                0x0800539c       0xa8 /opt/gcc-arm-none-eabi/bin/../lib/gcc/arm-none-eabi/4.8.3/../../../../arm-none-eabi/lib/armv7-m/libg_s.a(lib_a-nano-mallocr.o)
                0x0800539c                _malloc_r
 .text._sbrk_r  0x08005444       0x20 /opt/gcc-arm-none-eabi/bin/../lib/gcc/arm-none-eabi/4.8.3/../../../../arm-none-eabi/lib/armv7-m/libg_s.a(lib_a-sbrkr.o)
                0x08005444                _sbrk_r
 .text.__sread  0x08005464       0x22 /opt/gcc-arm-none-eabi/bin/../lib/gcc/arm-none-eabi/4.8.3/../../../../arm-none-eabi/lib/armv7-m/libg_s.a(lib_a-stdio.o)
                0x08005464                __sread
 .text.__swrite
                0x08005486       0x38 /opt/gcc-arm-none-eabi/bin/../lib/gcc/arm-none-eabi/4.8.3/../../../../arm-none-eabi/lib/armv7-m/libg_s.a(lib_a-stdio.o)
                0x08005486                __swrite
 .text.__sseek  0x080054be       0x24 /opt/gcc-arm-none-eabi/bin/../lib/gcc/arm-none-eabi/4.8.3/../../../../arm-none-eabi/lib/armv7-m/libg_s.a(lib_a-stdio.o)
                0x080054be                __sseek
 .text.__sclose
                0x080054e2        0x8 /opt/gcc-arm-none-eabi/bin/../lib/gcc/arm-none-eabi/4.8.3/../../../../arm-none-eabi/lib/armv7-m/libg_s.a(lib_a-stdio.o)
                0x080054e2                __sclose
 .text.strlen   0x080054ea       0x10 /opt/gcc-arm-none-eabi/bin/../lib/gcc/arm-none-eabi/4.8.3/../../../../arm-none-eabi/lib/armv7-m/libg_s.a(lib_a-strlen.o)
                0x080054ea                strlen
 *fill*         0x080054fa        0x2 
 .text._write_r
                0x080054fc       0x24 /opt/gcc-arm-none-eabi/bin/../lib/gcc/arm-none-eabi/4.8.3/../../../../arm-none-eabi/lib/armv7-m/libg_s.a(lib_a-writer.o)
                0x080054fc                _write_r
 .text._close_r
                0x08005520       0x20 /opt/gcc-arm-none-eabi/bin/../lib/gcc/arm-none-eabi/4.8.3/../../../../arm-none-eabi/lib/armv7-m/libg_s.a(lib_a-closer.o)
                0x08005520                _close_r
 .text._fstat_r
                0x08005540       0x24 /opt/gcc-arm-none-eabi/bin/../lib/gcc/arm-none-eabi/4.8.3/../../../../arm-none-eabi/lib/armv7-m/libg_s.a(lib_a-fstatr.o)
                0x08005540                _fstat_r
 .text._isatty_r
                0x08005564       0x20 /opt/gcc-arm-none-eabi/bin/../lib/gcc/arm-none-eabi/4.8.3/../../../../arm-none-eabi/lib/armv7-m/libg_s.a(lib_a-isattyr.o)
                0x08005564                _isatty_r
 .text._lseek_r
                0x08005584       0x24 /opt/gcc-arm-none-eabi/bin/../lib/gcc/arm-none-eabi/4.8.3/../../../../arm-none-eabi/lib/armv7-m/libg_s.a(lib_a-lseekr.o)
                0x08005584                _lseek_r
 .text._read_r  0x080055a8       0x24 /opt/gcc-arm-none-eabi/bin/../lib/gcc/arm-none-eabi/4.8.3/../../../../arm-none-eabi/lib/armv7-m/libg_s.a(lib_a-readr.o)
                0x080055a8                _read_r
 *(.rodata .rodata.*)
 .rodata.str1.4
                0x080055cc       0x3a ./system/STM32F2xx_HAL_Driver/Src/stm32f2xx_hal_cortex.o
                                 0x3c (size before relaxing)
 *fill*         0x08005606        0x2 
 .rodata.str1.4
                0x08005608       0x37 ./system/STM32F2xx_HAL_Driver/Src/stm32f2xx_hal_dma.o
                                 0x38 (size before relaxing)
 *fill*         0x0800563f        0x1 
 .rodata.str1.4
                0x08005640       0x38 ./system/STM32F2xx_HAL_Driver/Src/stm32f2xx_hal_gpio.o
 .rodata.APBAHBPrescTable
                0x08005678       0x10 ./system/STM32F2xx_HAL_Driver/Src/stm32f2xx_hal_rcc.o
                0x08005678                APBAHBPrescTable
 .rodata.str1.4
                0x08005688       0x37 ./system/STM32F2xx_HAL_Driver/Src/stm32f2xx_hal_rcc.o
                                 0x38 (size before relaxing)
 *fill*         0x080056bf        0x1 
 .rodata.str1.4
                0x080056c0       0x37 ./system/STM32F2xx_HAL_Driver/Src/stm32f2xx_hal_spi.o
                                 0x38 (size before relaxing)
 *fill*         0x080056f7        0x1 
 .rodata.str1.4
                0x080056f8       0x38 ./system/STM32F2xx_HAL_Driver/Src/stm32f2xx_hal_uart.o
 .rodata.str1.4
                0x08005730       0x34 ./src/main.o
 .rodata.atab   0x08005764     0x21a8 ./src/vs1003.o
                0x08005764                atab
 .rodata.dtab   0x0800790c     0x434c ./src/vs1003.o
                0x0800790c                dtab
 .rodata.str1.1
                0x0800bc58        0x2 /opt/gcc-arm-none-eabi/bin/../lib/gcc/arm-none-eabi/4.8.3/../../../../arm-none-eabi/lib/armv7-m/libg_s.a(lib_a-impure.o)
 *fill*         0x0800bc5a        0x2 
 .rodata._global_impure_ptr
                0x0800bc5c        0x4 /opt/gcc-arm-none-eabi/bin/../lib/gcc/arm-none-eabi/4.8.3/../../../../arm-none-eabi/lib/armv7-m/libg_s.a(lib_a-impure.o)
                0x0800bc5c                _global_impure_ptr
 .rodata.str1.1
                0x0800bc60       0x11 /opt/gcc-arm-none-eabi/bin/../lib/gcc/arm-none-eabi/4.8.3/../../../../arm-none-eabi/lib/armv7-m/libg_s.a(lib_a-vfprintf.o)
 .rodata.str1.1
                0x0800bc71       0x22 /opt/gcc-arm-none-eabi/bin/../lib/gcc/arm-none-eabi/4.8.3/../../../../arm-none-eabi/lib/armv7-m/libg_s.a(lib_a-vfprintf_i.o)
 *fill*         0x0800bc93        0x1 
 .rodata.__sf_fake_stdin
                0x0800bc94       0x20 /opt/gcc-arm-none-eabi/bin/../lib/gcc/arm-none-eabi/4.8.3/../../../../arm-none-eabi/lib/armv7-m/libg_s.a(lib_a-findfp.o)
                0x0800bc94                __sf_fake_stdin
 .rodata.__sf_fake_stdout
                0x0800bcb4       0x20 /opt/gcc-arm-none-eabi/bin/../lib/gcc/arm-none-eabi/4.8.3/../../../../arm-none-eabi/lib/armv7-m/libg_s.a(lib_a-findfp.o)
                0x0800bcb4                __sf_fake_stdout
 .rodata.__sf_fake_stderr
                0x0800bcd4       0x20 /opt/gcc-arm-none-eabi/bin/../lib/gcc/arm-none-eabi/4.8.3/../../../../arm-none-eabi/lib/armv7-m/libg_s.a(lib_a-findfp.o)
                0x0800bcd4                __sf_fake_stderr
 *(vtable)
 *(.eh_frame*)
 *(.glue_7)
 .glue_7        0x00000000        0x0 linker stubs
 *(.glue_7t)
 .glue_7t       0x00000000        0x0 linker stubs

.vfp11_veneer   0x0800bcf4        0x0
 .vfp11_veneer  0x00000000        0x0 linker stubs

.v4_bx          0x0800bcf4        0x0
 .v4_bx         0x00000000        0x0 linker stubs

.iplt           0x0800bcf4        0x0
 .iplt          0x00000000        0x0 ./system/src/newlib/_cxx.o

.rel.dyn        0x0800bcf4        0x0
 .rel.iplt      0x00000000        0x0 ./system/src/newlib/_cxx.o

.ARM.extab
 *(.ARM.extab* .gnu.linkonce.armextab.*)
                0x0800bcf4                __exidx_start = .

.ARM.exidx
 *(.ARM.exidx* .gnu.linkonce.armexidx.*)
                0x0800bcf4                __exidx_end = .
                0x0800bcf4                . = ALIGN (0x4)
                0x0800bcf4                _etext = .
                0x0800bcf4                __etext = .
                0x0800bcf4                _sidata = _etext

.data           0x20000000       0x7c load address 0x0800bcf4
                0x20000000                . = ALIGN (0x4)
                0x20000000                _sdata = .
                0x20000000                __data_start__ = .
 *(.data_begin .data_begin.*)
 .data_begin    0x20000000        0x4 ./system/src/newlib/_startup.o
 *(.data .data.*)
 .data.argv.4011
                0x20000004        0x8 ./system/src/newlib/_syscalls.o
 .data.SystemCoreClock
                0x2000000c        0x4 ./system/src/cmsis/system_stm32f2xx.o
                0x2000000c                SystemCoreClock
 .data.xNextTaskUnblockTime
                0x20000010        0x4 ./system/FreeRTOS/tasks.o
 .data.impure_data
                0x20000014       0x60 /opt/gcc-arm-none-eabi/bin/../lib/gcc/arm-none-eabi/4.8.3/../../../../arm-none-eabi/lib/armv7-m/libg_s.a(lib_a-impure.o)
 .data._impure_ptr
                0x20000074        0x4 /opt/gcc-arm-none-eabi/bin/../lib/gcc/arm-none-eabi/4.8.3/../../../../arm-none-eabi/lib/armv7-m/libg_s.a(lib_a-impure.o)
                0x20000074                _impure_ptr
 *(.data_end .data_end.*)
 .data_end      0x20000078        0x4 ./system/src/newlib/_startup.o
                0x2000007c                . = ALIGN (0x4)
                0x2000007c                _edata = .
                0x2000007c                __data_end__ = .

.igot.plt       0x2000007c        0x0 load address 0x0800bd70
 .igot.plt      0x00000000        0x0 ./system/src/newlib/_cxx.o

.bss            0x2000007c      0x2b8 load address 0x0800bd70
                0x2000007c                . = ALIGN (0x4)
                0x2000007c                __bss_start__ = .
                0x2000007c                _sbss = .
 *(.bss_begin .bss_begin.*)
 .bss_begin     0x2000007c        0x4 ./system/src/newlib/_startup.o
 *(.bss .bss.*)
 .bss.current_heap_end.3839
                0x20000080        0x4 ./system/src/newlib/_sbrk.o
 .bss.name.4010
                0x20000084        0x4 ./system/src/newlib/_syscalls.o
 .bss.uwTick    0x20000088        0x4 ./system/STM32F2xx_HAL_Driver/Src/stm32f2xx_hal.o
 .bss.pxDelayedTaskList
                0x2000008c        0x4 ./system/FreeRTOS/tasks.o
 .bss.xSchedulerRunning
                0x20000090        0x4 ./system/FreeRTOS/tasks.o
 .bss.pxReadyTasksLists
                0x20000094       0x8c ./system/FreeRTOS/tasks.o
 .bss.uxSchedulerSuspended
                0x20000120        0x4 ./system/FreeRTOS/tasks.o
 .bss.pxCurrentTCB
                0x20000124        0x4 ./system/FreeRTOS/tasks.o
                0x20000124                pxCurrentTCB
 .bss.xNumOfOverflows
                0x20000128        0x4 ./system/FreeRTOS/tasks.o
 .bss.xTickCount
                0x2000012c        0x4 ./system/FreeRTOS/tasks.o
 .bss.pxOverflowDelayedTaskList
                0x20000130        0x4 ./system/FreeRTOS/tasks.o
 .bss.uxPendedTicks
                0x20000134        0x4 ./system/FreeRTOS/tasks.o
 .bss.uxTopReadyPriority
                0x20000138        0x4 ./system/FreeRTOS/tasks.o
 .bss.xYieldPending
                0x2000013c        0x4 ./system/FreeRTOS/tasks.o
 .bss.bufno     0x20000140        0x1 ./src/main.o
 .bss.newbuf    0x20000141        0x1 ./src/main.o
                0x20000141                newbuf
 *fill*         0x20000142        0x2 
 .bss.buf       0x20000144      0x100 ./src/main.o
 .bss.__malloc_sbrk_start
                0x20000244        0x4 /opt/gcc-arm-none-eabi/bin/../lib/gcc/arm-none-eabi/4.8.3/../../../../arm-none-eabi/lib/armv7-m/libg_s.a(lib_a-nano-mallocr.o)
                0x20000244                __malloc_sbrk_start
 .bss.__malloc_free_list
                0x20000248        0x4 /opt/gcc-arm-none-eabi/bin/../lib/gcc/arm-none-eabi/4.8.3/../../../../arm-none-eabi/lib/armv7-m/libg_s.a(lib_a-nano-mallocr.o)
                0x20000248                __malloc_free_list
 *(COMMON)
 COMMON         0x2000024c        0x4 ./system/src/newlib/_syscalls.o
                0x2000024c                errno
 COMMON         0x20000250       0x8c ./src/main.o
                0x20000250                UARTHandle
                0x2000028c                DmaHandle
 COMMON         0x200002dc       0x54 ./src/vs1003.o
                0x200002dc                SPI_Handle
 *(.bss_end .bss_end.*)
 .bss_end       0x20000330        0x4 ./system/src/newlib/_startup.o
                0x20000334                . = ALIGN (0x4)
                0x20000334                __bss_end__ = .
                0x20000334                _ebss = .

.noinit         0x20000334        0x0
                0x20000334                . = ALIGN (0x4)
                0x20000334                _noinit = .
 *(.noinit .noinit.*)
                0x20000334                . = ALIGN (0x4)
                0x20000334                _end_noinit = .
                0x20000334                PROVIDE (end, _end_noinit)
                0x20000334                PROVIDE (_end, _end_noinit)
                0x20000334                PROVIDE (__end, _end_noinit)
                0x20000334                PROVIDE (__end__, _end_noinit)

._check_stack   0x20000334      0x100 load address 0x0800c028
                0x20000334                . = ALIGN (0x4)
                0x20000434                . = (. + _Minimum_Stack_Size)
 *fill*         0x20000334      0x100 
                0x20000434                . = ALIGN (0x4)

.bss_CCMRAM
 *(.bss.CCMRAM .bss.CCMRAM.*)

.b1text
 *(.b1text)
 *(.b1rodata)
 *(.b1rodata.*)

.eb0text
 *(.eb0text)
 *(.eb0rodata)
 *(.eb0rodata.*)

.eb1text
 *(.eb1text)
 *(.eb1rodata)
 *(.eb1rodata.*)

.eb2text
 *(.eb2text)
 *(.eb2rodata)
 *(.eb2rodata.*)

.eb3text
 *(.eb3text)
 *(.eb3rodata)
 *(.eb3rodata.*)

.stab
 *(.stab)

.stabstr
 *(.stabstr)

.stab.excl
 *(.stab.excl)

.stab.exclstr
 *(.stab.exclstr)

.stab.index
 *(.stab.index)

.stab.indexstr
 *(.stab.indexstr)

.comment        0x00000000       0x70
 *(.comment)
 .comment       0x00000000       0x70 ./system/src/newlib/_exit.o
                                 0x71 (size before relaxing)
 .comment       0x00000000       0x71 ./system/src/newlib/_sbrk.o
 .comment       0x00000000       0x71 ./system/src/newlib/_startup.o
 .comment       0x00000000       0x71 ./system/src/newlib/_syscalls.o
 .comment       0x00000000       0x71 ./system/src/newlib/assert.o
 .comment       0x00000000       0x71 ./system/src/cortexm/_initialize_hardware.o
 .comment       0x00000000       0x71 ./system/src/cortexm/exception_handlers.o
 .comment       0x00000000       0x71 ./system/src/cmsis/system_stm32f2xx.o
 .comment       0x00000000       0x71 ./system/src/cmsis/vectors_stm32f2xx.o
 .comment       0x00000000       0x71 ./system/STM32F2xx_HAL_Driver/Src/stm32f2xx_hal.o
 .comment       0x00000000       0x71 ./system/STM32F2xx_HAL_Driver/Src/stm32f2xx_hal_cortex.o
 .comment       0x00000000       0x71 ./system/STM32F2xx_HAL_Driver/Src/stm32f2xx_hal_dma.o
 .comment       0x00000000       0x71 ./system/STM32F2xx_HAL_Driver/Src/stm32f2xx_hal_gpio.o
 .comment       0x00000000       0x71 ./system/STM32F2xx_HAL_Driver/Src/stm32f2xx_hal_msp_template.o
 .comment       0x00000000       0x71 ./system/STM32F2xx_HAL_Driver/Src/stm32f2xx_hal_rcc.o
 .comment       0x00000000       0x71 ./system/STM32F2xx_HAL_Driver/Src/stm32f2xx_hal_spi.o
 .comment       0x00000000       0x71 ./system/STM32F2xx_HAL_Driver/Src/stm32f2xx_hal_uart.o
 .comment       0x00000000       0x71 ./system/FreeRTOS/list.o
 .comment       0x00000000       0x71 ./system/FreeRTOS/port.o
 .comment       0x00000000       0x71 ./system/FreeRTOS/tasks.o
 .comment       0x00000000       0x71 ./src/main.o
 .comment       0x00000000       0x71 ./src/stm32f2xx_it.o
 .comment       0x00000000       0x71 ./src/vs1003.o

.ARM.attributes
                0x00000000       0x33
 .ARM.attributes
                0x00000000       0x33 ./system/src/newlib/_exit.o
 .ARM.attributes
                0x00000033       0x33 ./system/src/newlib/_sbrk.o
 .ARM.attributes
                0x00000066       0x33 ./system/src/newlib/_startup.o
 .ARM.attributes
                0x00000099       0x33 ./system/src/newlib/_syscalls.o
 .ARM.attributes
                0x000000cc       0x33 ./system/src/newlib/assert.o
 .ARM.attributes
                0x000000ff       0x33 ./system/src/cortexm/_initialize_hardware.o
 .ARM.attributes
                0x00000132       0x33 ./system/src/cortexm/exception_handlers.o
 .ARM.attributes
                0x00000165       0x33 ./system/src/cmsis/system_stm32f2xx.o
 .ARM.attributes
                0x00000198       0x33 ./system/src/cmsis/vectors_stm32f2xx.o
 .ARM.attributes
                0x000001cb       0x33 ./system/STM32F2xx_HAL_Driver/Src/stm32f2xx_hal.o
 .ARM.attributes
                0x000001fe       0x33 ./system/STM32F2xx_HAL_Driver/Src/stm32f2xx_hal_cortex.o
 .ARM.attributes
                0x00000231       0x33 ./system/STM32F2xx_HAL_Driver/Src/stm32f2xx_hal_dma.o
 .ARM.attributes
                0x00000264       0x33 ./system/STM32F2xx_HAL_Driver/Src/stm32f2xx_hal_gpio.o
 .ARM.attributes
                0x00000297       0x33 ./system/STM32F2xx_HAL_Driver/Src/stm32f2xx_hal_msp_template.o
 .ARM.attributes
                0x000002ca       0x33 ./system/STM32F2xx_HAL_Driver/Src/stm32f2xx_hal_rcc.o
 .ARM.attributes
                0x000002fd       0x33 ./system/STM32F2xx_HAL_Driver/Src/stm32f2xx_hal_spi.o
 .ARM.attributes
                0x00000330       0x33 ./system/STM32F2xx_HAL_Driver/Src/stm32f2xx_hal_uart.o
 .ARM.attributes
                0x00000363       0x33 ./system/FreeRTOS/list.o
 .ARM.attributes
                0x00000396       0x33 ./system/FreeRTOS/port.o
 .ARM.attributes
                0x000003c9       0x33 ./system/FreeRTOS/tasks.o
 .ARM.attributes
                0x000003fc       0x33 ./src/main.o
 .ARM.attributes
                0x0000042f       0x33 ./src/stm32f2xx_it.o
 .ARM.attributes
                0x00000462       0x33 ./src/vs1003.o
 .ARM.attributes
                0x00000495       0x2d /opt/gcc-arm-none-eabi/bin/../lib/gcc/arm-none-eabi/4.8.3/../../../../arm-none-eabi/lib/armv7-m/libg_s.a(lib_a-errno.o)
 .ARM.attributes
                0x000004c2       0x2d /opt/gcc-arm-none-eabi/bin/../lib/gcc/arm-none-eabi/4.8.3/../../../../arm-none-eabi/lib/armv7-m/libg_s.a(lib_a-impure.o)
 .ARM.attributes
                0x000004ef       0x2d /opt/gcc-arm-none-eabi/bin/../lib/gcc/arm-none-eabi/4.8.3/../../../../arm-none-eabi/lib/armv7-m/libg_s.a(lib_a-memset.o)
 .ARM.attributes
                0x0000051c       0x2d /opt/gcc-arm-none-eabi/bin/../lib/gcc/arm-none-eabi/4.8.3/../../../../arm-none-eabi/lib/armv7-m/libg_s.a(lib_a-printf.o)
 .ARM.attributes
                0x00000549       0x2d /opt/gcc-arm-none-eabi/bin/../lib/gcc/arm-none-eabi/4.8.3/../../../../arm-none-eabi/lib/armv7-m/libg_s.a(lib_a-vfprintf.o)
 .ARM.attributes
                0x00000576       0x2d /opt/gcc-arm-none-eabi/bin/../lib/gcc/arm-none-eabi/4.8.3/../../../../arm-none-eabi/lib/armv7-m/libg_s.a(lib_a-vfprintf_i.o)
 .ARM.attributes
                0x000005a3       0x2d /opt/gcc-arm-none-eabi/bin/../lib/gcc/arm-none-eabi/4.8.3/../../../../arm-none-eabi/lib/armv7-m/libg_s.a(lib_a-wbuf.o)
 .ARM.attributes
                0x000005d0       0x2d /opt/gcc-arm-none-eabi/bin/../lib/gcc/arm-none-eabi/4.8.3/../../../../arm-none-eabi/lib/armv7-m/libg_s.a(lib_a-wsetup.o)
 .ARM.attributes
                0x000005fd       0x2d /opt/gcc-arm-none-eabi/bin/../lib/gcc/arm-none-eabi/4.8.3/../../../../arm-none-eabi/lib/armv7-m/libg_s.a(lib_a-fflush.o)
 .ARM.attributes
                0x0000062a       0x2d /opt/gcc-arm-none-eabi/bin/../lib/gcc/arm-none-eabi/4.8.3/../../../../arm-none-eabi/lib/armv7-m/libg_s.a(lib_a-findfp.o)
 .ARM.attributes
                0x00000657       0x2d /opt/gcc-arm-none-eabi/bin/../lib/gcc/arm-none-eabi/4.8.3/../../../../arm-none-eabi/lib/armv7-m/libg_s.a(lib_a-makebuf.o)
 .ARM.attributes
                0x00000684       0x2d /opt/gcc-arm-none-eabi/bin/../lib/gcc/arm-none-eabi/4.8.3/../../../../arm-none-eabi/lib/armv7-m/libg_s.a(lib_a-memchr-stub.o)
 .ARM.attributes
                0x000006b1       0x2d /opt/gcc-arm-none-eabi/bin/../lib/gcc/arm-none-eabi/4.8.3/../../../../arm-none-eabi/lib/armv7-m/libg_s.a(lib_a-nano-freer.o)
 .ARM.attributes
                0x000006de       0x2d /opt/gcc-arm-none-eabi/bin/../lib/gcc/arm-none-eabi/4.8.3/../../../../arm-none-eabi/lib/armv7-m/libg_s.a(lib_a-nano-mallocr.o)
 .ARM.attributes
                0x0000070b       0x2d /opt/gcc-arm-none-eabi/bin/../lib/gcc/arm-none-eabi/4.8.3/../../../../arm-none-eabi/lib/armv7-m/libg_s.a(lib_a-sbrkr.o)
 .ARM.attributes
                0x00000738       0x2d /opt/gcc-arm-none-eabi/bin/../lib/gcc/arm-none-eabi/4.8.3/../../../../arm-none-eabi/lib/armv7-m/libg_s.a(lib_a-stdio.o)
 .ARM.attributes
                0x00000765       0x2d /opt/gcc-arm-none-eabi/bin/../lib/gcc/arm-none-eabi/4.8.3/../../../../arm-none-eabi/lib/armv7-m/libg_s.a(lib_a-strlen.o)
 .ARM.attributes
                0x00000792       0x2d /opt/gcc-arm-none-eabi/bin/../lib/gcc/arm-none-eabi/4.8.3/../../../../arm-none-eabi/lib/armv7-m/libg_s.a(lib_a-writer.o)
 .ARM.attributes
                0x000007bf       0x2d /opt/gcc-arm-none-eabi/bin/../lib/gcc/arm-none-eabi/4.8.3/../../../../arm-none-eabi/lib/armv7-m/libg_s.a(lib_a-closer.o)
 .ARM.attributes
                0x000007ec       0x2d /opt/gcc-arm-none-eabi/bin/../lib/gcc/arm-none-eabi/4.8.3/../../../../arm-none-eabi/lib/armv7-m/libg_s.a(lib_a-fstatr.o)
 .ARM.attributes
                0x00000819       0x2d /opt/gcc-arm-none-eabi/bin/../lib/gcc/arm-none-eabi/4.8.3/../../../../arm-none-eabi/lib/armv7-m/libg_s.a(lib_a-isattyr.o)
 .ARM.attributes
                0x00000846       0x2d /opt/gcc-arm-none-eabi/bin/../lib/gcc/arm-none-eabi/4.8.3/../../../../arm-none-eabi/lib/armv7-m/libg_s.a(lib_a-lseekr.o)
 .ARM.attributes
                0x00000873       0x2d /opt/gcc-arm-none-eabi/bin/../lib/gcc/arm-none-eabi/4.8.3/../../../../arm-none-eabi/lib/armv7-m/libg_s.a(lib_a-readr.o)

.debug
 *(.debug)

.line
 *(.line)

.debug_srcinfo
 *(.debug_srcinfo)

.debug_sfnames
 *(.debug_sfnames)

.debug_aranges  0x00000000      0xae8
 *(.debug_aranges)
 .debug_aranges
                0x00000000       0x28 ./system/src/newlib/_exit.o
 .debug_aranges
                0x00000028       0x20 ./system/src/newlib/_sbrk.o
 .debug_aranges
                0x00000048       0x40 ./system/src/newlib/_startup.o
 .debug_aranges
                0x00000088       0x30 ./system/src/newlib/_syscalls.o
 .debug_aranges
                0x000000b8       0x28 ./system/src/newlib/assert.o
 .debug_aranges
                0x000000e0       0x20 ./system/src/cortexm/_initialize_hardware.o
 .debug_aranges
                0x00000100       0x68 ./system/src/cortexm/exception_handlers.o
 .debug_aranges
                0x00000168       0x28 ./system/src/cmsis/system_stm32f2xx.o
 .debug_aranges
                0x00000190       0x20 ./system/src/cmsis/vectors_stm32f2xx.o
 .debug_aranges
                0x000001b0       0xa8 ./system/STM32F2xx_HAL_Driver/Src/stm32f2xx_hal.o
 .debug_aranges
                0x00000258       0x90 ./system/STM32F2xx_HAL_Driver/Src/stm32f2xx_hal_cortex.o
 .debug_aranges
                0x000002e8       0x68 ./system/STM32F2xx_HAL_Driver/Src/stm32f2xx_hal_dma.o
 .debug_aranges
                0x00000350       0x50 ./system/STM32F2xx_HAL_Driver/Src/stm32f2xx_hal_gpio.o
 .debug_aranges
                0x000003a0       0x38 ./system/STM32F2xx_HAL_Driver/Src/stm32f2xx_hal_msp_template.o
 .debug_aranges
                0x000003d8       0x88 ./system/STM32F2xx_HAL_Driver/Src/stm32f2xx_hal_rcc.o
 .debug_aranges
                0x00000460      0x108 ./system/STM32F2xx_HAL_Driver/Src/stm32f2xx_hal_spi.o
 .debug_aranges
                0x00000568      0x148 ./system/STM32F2xx_HAL_Driver/Src/stm32f2xx_hal_uart.o
 .debug_aranges
                0x000006b0       0x40 ./system/FreeRTOS/list.o
 .debug_aranges
                0x000006f0       0x90 ./system/FreeRTOS/port.o
 .debug_aranges
                0x00000780      0x130 ./system/FreeRTOS/tasks.o
 .debug_aranges
                0x000008b0       0x90 ./src/main.o
 .debug_aranges
                0x00000940       0x70 ./src/stm32f2xx_it.o
 .debug_aranges
                0x000009b0      0x138 ./src/vs1003.o

.debug_pubnames
 *(.debug_pubnames)

.debug_info     0x00000000     0xbf64
 *(.debug_info .gnu.linkonce.wi.*)
 .debug_info    0x00000000       0xee ./system/src/newlib/_exit.o
 .debug_info    0x000000ee      0x125 ./system/src/newlib/_sbrk.o
 .debug_info    0x00000213      0x45e ./system/src/newlib/_startup.o
 .debug_info    0x00000671      0x1a9 ./system/src/newlib/_syscalls.o
 .debug_info    0x0000081a      0x168 ./system/src/newlib/assert.o
 .debug_info    0x00000982       0xb9 ./system/src/cortexm/_initialize_hardware.o
 .debug_info    0x00000a3b       0xe9 ./system/src/cortexm/exception_handlers.o
 .debug_info    0x00000b24      0x486 ./system/src/cmsis/system_stm32f2xx.o
 .debug_info    0x00000faa       0x92 ./system/src/cmsis/vectors_stm32f2xx.o
 .debug_info    0x0000103c      0x51f ./system/STM32F2xx_HAL_Driver/Src/stm32f2xx_hal.o
 .debug_info    0x0000155b      0xd6d ./system/STM32F2xx_HAL_Driver/Src/stm32f2xx_hal_cortex.o
 .debug_info    0x000022c8      0x8f0 ./system/STM32F2xx_HAL_Driver/Src/stm32f2xx_hal_dma.o
 .debug_info    0x00002bb8      0x779 ./system/STM32F2xx_HAL_Driver/Src/stm32f2xx_hal_gpio.o
 .debug_info    0x00003331       0xd7 ./system/STM32F2xx_HAL_Driver/Src/stm32f2xx_hal_msp_template.o
 .debug_info    0x00003408     0x17e5 ./system/STM32F2xx_HAL_Driver/Src/stm32f2xx_hal_rcc.o
 .debug_info    0x00004bed     0x15ba ./system/STM32F2xx_HAL_Driver/Src/stm32f2xx_hal_spi.o
 .debug_info    0x000061a7     0x1389 ./system/STM32F2xx_HAL_Driver/Src/stm32f2xx_hal_uart.o
 .debug_info    0x00007530      0x27f ./system/FreeRTOS/list.o
 .debug_info    0x000077af      0x379 ./system/FreeRTOS/port.o
 .debug_info    0x00007b28     0x15d3 ./system/FreeRTOS/tasks.o
 .debug_info    0x000090fb     0x13fe ./src/main.o
 .debug_info    0x0000a4f9      0x188 ./src/stm32f2xx_it.o
 .debug_info    0x0000a681     0x18e3 ./src/vs1003.o

.debug_abbrev   0x00000000     0x24af
 *(.debug_abbrev)
 .debug_abbrev  0x00000000       0xb7 ./system/src/newlib/_exit.o
 .debug_abbrev  0x000000b7       0xbb ./system/src/newlib/_sbrk.o
 .debug_abbrev  0x00000172      0x1da ./system/src/newlib/_startup.o
 .debug_abbrev  0x0000034c       0xe7 ./system/src/newlib/_syscalls.o
 .debug_abbrev  0x00000433       0xb6 ./system/src/newlib/assert.o
 .debug_abbrev  0x000004e9       0x88 ./system/src/cortexm/_initialize_hardware.o
 .debug_abbrev  0x00000571       0x65 ./system/src/cortexm/exception_handlers.o
 .debug_abbrev  0x000005d6      0x104 ./system/src/cmsis/system_stm32f2xx.o
 .debug_abbrev  0x000006da       0x92 ./system/src/cmsis/vectors_stm32f2xx.o
 .debug_abbrev  0x0000076c      0x19b ./system/STM32F2xx_HAL_Driver/Src/stm32f2xx_hal.o
 .debug_abbrev  0x00000907      0x2a9 ./system/STM32F2xx_HAL_Driver/Src/stm32f2xx_hal_cortex.o
 .debug_abbrev  0x00000bb0      0x221 ./system/STM32F2xx_HAL_Driver/Src/stm32f2xx_hal_dma.o
 .debug_abbrev  0x00000dd1      0x1e0 ./system/STM32F2xx_HAL_Driver/Src/stm32f2xx_hal_gpio.o
 .debug_abbrev  0x00000fb1       0x6a ./system/STM32F2xx_HAL_Driver/Src/stm32f2xx_hal_msp_template.o
 .debug_abbrev  0x0000101b      0x32b ./system/STM32F2xx_HAL_Driver/Src/stm32f2xx_hal_rcc.o
 .debug_abbrev  0x00001346      0x27d ./system/STM32F2xx_HAL_Driver/Src/stm32f2xx_hal_spi.o
 .debug_abbrev  0x000015c3      0x262 ./system/STM32F2xx_HAL_Driver/Src/stm32f2xx_hal_uart.o
 .debug_abbrev  0x00001825       0xdf ./system/FreeRTOS/list.o
 .debug_abbrev  0x00001904      0x1ea ./system/FreeRTOS/port.o
 .debug_abbrev  0x00001aee      0x29c ./system/FreeRTOS/tasks.o
 .debug_abbrev  0x00001d8a      0x339 ./src/main.o
 .debug_abbrev  0x000020c3       0xb6 ./src/stm32f2xx_it.o
 .debug_abbrev  0x00002179      0x336 ./src/vs1003.o

.debug_line     0x00000000     0x72bf
 *(.debug_line)
 .debug_line    0x00000000      0x229 ./system/src/newlib/_exit.o
 .debug_line    0x00000229      0x1dc ./system/src/newlib/_sbrk.o
 .debug_line    0x00000405      0x2a3 ./system/src/newlib/_startup.o
 .debug_line    0x000006a8      0x2bd ./system/src/newlib/_syscalls.o
 .debug_line    0x00000965      0x252 ./system/src/newlib/assert.o
 .debug_line    0x00000bb7      0x145 ./system/src/cortexm/_initialize_hardware.o
 .debug_line    0x00000cfc       0x9f ./system/src/cortexm/exception_handlers.o
 .debug_line    0x00000d9b      0x34c ./system/src/cmsis/system_stm32f2xx.o
 .debug_line    0x000010e7       0x89 ./system/src/cmsis/vectors_stm32f2xx.o
 .debug_line    0x00001170      0x469 ./system/STM32F2xx_HAL_Driver/Src/stm32f2xx_hal.o
 .debug_line    0x000015d9      0x4d6 ./system/STM32F2xx_HAL_Driver/Src/stm32f2xx_hal_cortex.o
 .debug_line    0x00001aaf      0xee9 ./system/STM32F2xx_HAL_Driver/Src/stm32f2xx_hal_dma.o
 .debug_line    0x00002998      0x47c ./system/STM32F2xx_HAL_Driver/Src/stm32f2xx_hal_gpio.o
 .debug_line    0x00002e14      0x36b ./system/STM32F2xx_HAL_Driver/Src/stm32f2xx_hal_msp_template.o
 .debug_line    0x0000317f      0x7c1 ./system/STM32F2xx_HAL_Driver/Src/stm32f2xx_hal_rcc.o
 .debug_line    0x00003940      0xb15 ./system/STM32F2xx_HAL_Driver/Src/stm32f2xx_hal_spi.o
 .debug_line    0x00004455      0xb39 ./system/STM32F2xx_HAL_Driver/Src/stm32f2xx_hal_uart.o
 .debug_line    0x00004f8e      0x312 ./system/FreeRTOS/list.o
 .debug_line    0x000052a0      0x2be ./system/FreeRTOS/port.o
 .debug_line    0x0000555e      0x817 ./system/FreeRTOS/tasks.o
 .debug_line    0x00005d75      0x6ed ./src/main.o
 .debug_line    0x00006462      0x627 ./src/stm32f2xx_it.o
 .debug_line    0x00006a89      0x836 ./src/vs1003.o

.debug_frame    0x00000000     0x1fd4
 *(.debug_frame)
 .debug_frame   0x00000000       0x38 ./system/src/newlib/_exit.o
 .debug_frame   0x00000038       0x28 ./system/src/newlib/_sbrk.o
 .debug_frame   0x00000060       0x80 ./system/src/newlib/_startup.o
 .debug_frame   0x000000e0       0x50 ./system/src/newlib/_syscalls.o
 .debug_frame   0x00000130       0x40 ./system/src/newlib/assert.o
 .debug_frame   0x00000170       0x28 ./system/src/cortexm/_initialize_hardware.o
 .debug_frame   0x00000198       0xb8 ./system/src/cortexm/exception_handlers.o
 .debug_frame   0x00000250       0x30 ./system/src/cmsis/system_stm32f2xx.o
 .debug_frame   0x00000280       0x20 ./system/src/cmsis/vectors_stm32f2xx.o
 .debug_frame   0x000002a0      0x14c ./system/STM32F2xx_HAL_Driver/Src/stm32f2xx_hal.o
 .debug_frame   0x000003ec      0x134 ./system/STM32F2xx_HAL_Driver/Src/stm32f2xx_hal_cortex.o
 .debug_frame   0x00000520      0x10c ./system/STM32F2xx_HAL_Driver/Src/stm32f2xx_hal_dma.o
 .debug_frame   0x0000062c       0xd8 ./system/STM32F2xx_HAL_Driver/Src/stm32f2xx_hal_gpio.o
 .debug_frame   0x00000704       0x50 ./system/STM32F2xx_HAL_Driver/Src/stm32f2xx_hal_msp_template.o
 .debug_frame   0x00000754      0x13c ./system/STM32F2xx_HAL_Driver/Src/stm32f2xx_hal_rcc.o
 .debug_frame   0x00000890      0x2f0 ./system/STM32F2xx_HAL_Driver/Src/stm32f2xx_hal_spi.o
 .debug_frame   0x00000b80      0x354 ./system/STM32F2xx_HAL_Driver/Src/stm32f2xx_hal_uart.o
 .debug_frame   0x00000ed4       0x68 ./system/FreeRTOS/list.o
 .debug_frame   0x00000f3c      0x130 ./system/FreeRTOS/port.o
 .debug_frame   0x0000106c      0x388 ./system/FreeRTOS/tasks.o
 .debug_frame   0x000013f4      0x158 ./src/main.o
 .debug_frame   0x0000154c       0xc8 ./src/stm32f2xx_it.o
 .debug_frame   0x00001614      0x3a4 ./src/vs1003.o
 .debug_frame   0x000019b8       0x20 /opt/gcc-arm-none-eabi/bin/../lib/gcc/arm-none-eabi/4.8.3/../../../../arm-none-eabi/lib/armv7-m/libg_s.a(lib_a-errno.o)
 .debug_frame   0x000019d8       0x20 /opt/gcc-arm-none-eabi/bin/../lib/gcc/arm-none-eabi/4.8.3/../../../../arm-none-eabi/lib/armv7-m/libg_s.a(lib_a-memset.o)
 .debug_frame   0x000019f8       0x60 /opt/gcc-arm-none-eabi/bin/../lib/gcc/arm-none-eabi/4.8.3/../../../../arm-none-eabi/lib/armv7-m/libg_s.a(lib_a-printf.o)
 .debug_frame   0x00001a58       0xa8 /opt/gcc-arm-none-eabi/bin/../lib/gcc/arm-none-eabi/4.8.3/../../../../arm-none-eabi/lib/armv7-m/libg_s.a(lib_a-vfprintf.o)
 .debug_frame   0x00001b00       0x60 /opt/gcc-arm-none-eabi/bin/../lib/gcc/arm-none-eabi/4.8.3/../../../../arm-none-eabi/lib/armv7-m/libg_s.a(lib_a-vfprintf_i.o)
 .debug_frame   0x00001b60       0x3c /opt/gcc-arm-none-eabi/bin/../lib/gcc/arm-none-eabi/4.8.3/../../../../arm-none-eabi/lib/armv7-m/libg_s.a(lib_a-wbuf.o)
 .debug_frame   0x00001b9c       0x2c /opt/gcc-arm-none-eabi/bin/../lib/gcc/arm-none-eabi/4.8.3/../../../../arm-none-eabi/lib/armv7-m/libg_s.a(lib_a-wsetup.o)
 .debug_frame   0x00001bc8       0x5c /opt/gcc-arm-none-eabi/bin/../lib/gcc/arm-none-eabi/4.8.3/../../../../arm-none-eabi/lib/armv7-m/libg_s.a(lib_a-fflush.o)
 .debug_frame   0x00001c24      0x12c /opt/gcc-arm-none-eabi/bin/../lib/gcc/arm-none-eabi/4.8.3/../../../../arm-none-eabi/lib/armv7-m/libg_s.a(lib_a-findfp.o)
 .debug_frame   0x00001d50       0x30 /opt/gcc-arm-none-eabi/bin/../lib/gcc/arm-none-eabi/4.8.3/../../../../arm-none-eabi/lib/armv7-m/libg_s.a(lib_a-makebuf.o)
 .debug_frame   0x00001d80       0x28 /opt/gcc-arm-none-eabi/bin/../lib/gcc/arm-none-eabi/4.8.3/../../../../arm-none-eabi/lib/armv7-m/libg_s.a(lib_a-memchr-stub.o)
 .debug_frame   0x00001da8       0x2c /opt/gcc-arm-none-eabi/bin/../lib/gcc/arm-none-eabi/4.8.3/../../../../arm-none-eabi/lib/armv7-m/libg_s.a(lib_a-nano-freer.o)
 .debug_frame   0x00001dd4       0x2c /opt/gcc-arm-none-eabi/bin/../lib/gcc/arm-none-eabi/4.8.3/../../../../arm-none-eabi/lib/armv7-m/libg_s.a(lib_a-nano-mallocr.o)
 .debug_frame   0x00001e00       0x2c /opt/gcc-arm-none-eabi/bin/../lib/gcc/arm-none-eabi/4.8.3/../../../../arm-none-eabi/lib/armv7-m/libg_s.a(lib_a-sbrkr.o)
 .debug_frame   0x00001e2c       0x80 /opt/gcc-arm-none-eabi/bin/../lib/gcc/arm-none-eabi/4.8.3/../../../../arm-none-eabi/lib/armv7-m/libg_s.a(lib_a-stdio.o)
 .debug_frame   0x00001eac       0x20 /opt/gcc-arm-none-eabi/bin/../lib/gcc/arm-none-eabi/4.8.3/../../../../arm-none-eabi/lib/armv7-m/libg_s.a(lib_a-strlen.o)
 .debug_frame   0x00001ecc       0x2c /opt/gcc-arm-none-eabi/bin/../lib/gcc/arm-none-eabi/4.8.3/../../../../arm-none-eabi/lib/armv7-m/libg_s.a(lib_a-writer.o)
 .debug_frame   0x00001ef8       0x2c /opt/gcc-arm-none-eabi/bin/../lib/gcc/arm-none-eabi/4.8.3/../../../../arm-none-eabi/lib/armv7-m/libg_s.a(lib_a-closer.o)
 .debug_frame   0x00001f24       0x2c /opt/gcc-arm-none-eabi/bin/../lib/gcc/arm-none-eabi/4.8.3/../../../../arm-none-eabi/lib/armv7-m/libg_s.a(lib_a-fstatr.o)
 .debug_frame   0x00001f50       0x2c /opt/gcc-arm-none-eabi/bin/../lib/gcc/arm-none-eabi/4.8.3/../../../../arm-none-eabi/lib/armv7-m/libg_s.a(lib_a-isattyr.o)
 .debug_frame   0x00001f7c       0x2c /opt/gcc-arm-none-eabi/bin/../lib/gcc/arm-none-eabi/4.8.3/../../../../arm-none-eabi/lib/armv7-m/libg_s.a(lib_a-lseekr.o)
 .debug_frame   0x00001fa8       0x2c /opt/gcc-arm-none-eabi/bin/../lib/gcc/arm-none-eabi/4.8.3/../../../../arm-none-eabi/lib/armv7-m/libg_s.a(lib_a-readr.o)

.debug_str      0x00000000    0x5b392
 *(.debug_str)
 .debug_str     0x00000000     0x4dbd ./system/src/newlib/_exit.o
                               0x4ed8 (size before relaxing)
 .debug_str     0x00004dbd      0x4de ./system/src/newlib/_sbrk.o
                               0x448e (size before relaxing)
 .debug_str     0x0000529b      0xba9 ./system/src/newlib/_startup.o
                               0x404a (size before relaxing)
 .debug_str     0x00005e44      0xc2d ./system/src/newlib/_syscalls.o
                               0x50fd (size before relaxing)
 .debug_str     0x00006a71       0xf2 ./system/src/newlib/assert.o
                               0x59e4 (size before relaxing)
 .debug_str     0x00006b63    0x3874c ./system/src/cortexm/_initialize_hardware.o
                              0x3b655 (size before relaxing)
 .debug_str     0x0003f2af       0xcd ./system/src/cortexm/exception_handlers.o
                               0x251a (size before relaxing)
 .debug_str     0x0003f37c    0x133ea ./system/src/cmsis/system_stm32f2xx.o
                              0x4ea30 (size before relaxing)
 .debug_str     0x00052766       0x57 ./system/src/cmsis/vectors_stm32f2xx.o
                               0x24b7 (size before relaxing)
 .debug_str     0x000527bd      0x4d8 ./system/STM32F2xx_HAL_Driver/Src/stm32f2xx_hal.o
                              0x4ee29 (size before relaxing)
 .debug_str     0x00052c95      0x783 ./system/STM32F2xx_HAL_Driver/Src/stm32f2xx_hal_cortex.o
                              0x4f180 (size before relaxing)
 .debug_str     0x00053418      0x3ff ./system/STM32F2xx_HAL_Driver/Src/stm32f2xx_hal_dma.o
                              0x4ecd4 (size before relaxing)
 .debug_str     0x00053817      0x5f7 ./system/STM32F2xx_HAL_Driver/Src/stm32f2xx_hal_gpio.o
                              0x4ef77 (size before relaxing)
 .debug_str     0x00053e0e       0x62 ./system/STM32F2xx_HAL_Driver/Src/stm32f2xx_hal_msp_template.o
                              0x4e8b5 (size before relaxing)
 .debug_str     0x00053e70      0x433 ./system/STM32F2xx_HAL_Driver/Src/stm32f2xx_hal_rcc.o
                              0x4f47e (size before relaxing)
 .debug_str     0x000542a3      0x50e ./system/STM32F2xx_HAL_Driver/Src/stm32f2xx_hal_spi.o
                              0x4f0aa (size before relaxing)
 .debug_str     0x000547b1      0x530 ./system/STM32F2xx_HAL_Driver/Src/stm32f2xx_hal_uart.o
                              0x4f176 (size before relaxing)
 .debug_str     0x00054ce1     0x1efc ./system/FreeRTOS/list.o
                               0x6641 (size before relaxing)
 .debug_str     0x00056bdd      0xa9b ./system/FreeRTOS/port.o
                               0x5a8d (size before relaxing)
 .debug_str     0x00057678     0x2319 ./system/FreeRTOS/tasks.o
                               0x8dc2 (size before relaxing)
 .debug_str     0x00059991     0x16b8 ./src/main.o
                              0x54dd3 (size before relaxing)
 .debug_str     0x0005b049       0x7a ./src/stm32f2xx_it.o
                              0x53f39 (size before relaxing)
 .debug_str     0x0005b0c3      0x2cf ./src/vs1003.o
                              0x517f7 (size before relaxing)

.debug_loc      0x00000000     0x5157
 *(.debug_loc)
 .debug_loc     0x00000000       0x6b ./system/src/newlib/_sbrk.o
 .debug_loc     0x0000006b      0x265 ./system/src/newlib/_startup.o
 .debug_loc     0x000002d0       0x63 ./system/src/newlib/_syscalls.o
 .debug_loc     0x00000333       0xc6 ./system/src/newlib/assert.o
 .debug_loc     0x000003f9      0x103 ./system/src/cmsis/system_stm32f2xx.o
 .debug_loc     0x000004fc       0x1f ./system/STM32F2xx_HAL_Driver/Src/stm32f2xx_hal.o
 .debug_loc     0x0000051b      0x5f3 ./system/STM32F2xx_HAL_Driver/Src/stm32f2xx_hal_cortex.o
 .debug_loc     0x00000b0e      0x5bf ./system/STM32F2xx_HAL_Driver/Src/stm32f2xx_hal_dma.o
 .debug_loc     0x000010cd      0x300 ./system/STM32F2xx_HAL_Driver/Src/stm32f2xx_hal_gpio.o
 .debug_loc     0x000013cd      0x722 ./system/STM32F2xx_HAL_Driver/Src/stm32f2xx_hal_rcc.o
 .debug_loc     0x00001aef      0xeca ./system/STM32F2xx_HAL_Driver/Src/stm32f2xx_hal_spi.o
 .debug_loc     0x000029b9      0xfd1 ./system/STM32F2xx_HAL_Driver/Src/stm32f2xx_hal_uart.o
 .debug_loc     0x0000398a       0x65 ./system/FreeRTOS/list.o
 .debug_loc     0x000039ef       0xa6 ./system/FreeRTOS/port.o
 .debug_loc     0x00003a95      0xe03 ./system/FreeRTOS/tasks.o
 .debug_loc     0x00004898      0x14e ./src/main.o
 .debug_loc     0x000049e6      0x771 ./src/vs1003.o

.debug_macinfo
 *(.debug_macinfo)

.debug_weaknames
 *(.debug_weaknames)

.debug_funcnames
 *(.debug_funcnames)

.debug_typenames
 *(.debug_typenames)

.debug_varnames
 *(.debug_varnames)
OUTPUT(WebradioFirmware.elf elf32-littlearm)

.debug_ranges   0x00000000      0x9d8
 .debug_ranges  0x00000000       0x18 ./system/src/newlib/_exit.o
 .debug_ranges  0x00000018       0x10 ./system/src/newlib/_sbrk.o
 .debug_ranges  0x00000028       0x48 ./system/src/newlib/_startup.o
 .debug_ranges  0x00000070       0x20 ./system/src/newlib/_syscalls.o
 .debug_ranges  0x00000090       0x18 ./system/src/newlib/assert.o
 .debug_ranges  0x000000a8       0x10 ./system/src/cortexm/_initialize_hardware.o
 .debug_ranges  0x000000b8       0x58 ./system/src/cortexm/exception_handlers.o
 .debug_ranges  0x00000110       0x18 ./system/src/cmsis/system_stm32f2xx.o
 .debug_ranges  0x00000128       0x10 ./system/src/cmsis/vectors_stm32f2xx.o
 .debug_ranges  0x00000138       0x98 ./system/STM32F2xx_HAL_Driver/Src/stm32f2xx_hal.o
 .debug_ranges  0x000001d0       0x80 ./system/STM32F2xx_HAL_Driver/Src/stm32f2xx_hal_cortex.o
 .debug_ranges  0x00000250       0x58 ./system/STM32F2xx_HAL_Driver/Src/stm32f2xx_hal_dma.o
 .debug_ranges  0x000002a8       0x40 ./system/STM32F2xx_HAL_Driver/Src/stm32f2xx_hal_gpio.o
 .debug_ranges  0x000002e8       0x28 ./system/STM32F2xx_HAL_Driver/Src/stm32f2xx_hal_msp_template.o
 .debug_ranges  0x00000310       0x78 ./system/STM32F2xx_HAL_Driver/Src/stm32f2xx_hal_rcc.o
 .debug_ranges  0x00000388       0xf8 ./system/STM32F2xx_HAL_Driver/Src/stm32f2xx_hal_spi.o
 .debug_ranges  0x00000480      0x138 ./system/STM32F2xx_HAL_Driver/Src/stm32f2xx_hal_uart.o
 .debug_ranges  0x000005b8       0x30 ./system/FreeRTOS/list.o
 .debug_ranges  0x000005e8       0x80 ./system/FreeRTOS/port.o
 .debug_ranges  0x00000668      0x150 ./system/FreeRTOS/tasks.o
 .debug_ranges  0x000007b8       0x98 ./src/main.o
 .debug_ranges  0x00000850       0x60 ./src/stm32f2xx_it.o
 .debug_ranges  0x000008b0      0x128 ./src/vs1003.o

.debug_macro    0x00000000     0xf3ef
 .debug_macro   0x00000000      0x11b ./system/src/newlib/_exit.o
 .debug_macro   0x0000011b      0x862 ./system/src/newlib/_exit.o
 .debug_macro   0x0000097d       0xa3 ./system/src/newlib/_exit.o
 .debug_macro   0x00000a20      0x10e ./system/src/newlib/_exit.o
 .debug_macro   0x00000b2e       0x86 ./system/src/newlib/_exit.o
 .debug_macro   0x00000bb4       0x43 ./system/src/newlib/_exit.o
 .debug_macro   0x00000bf7       0x10 ./system/src/newlib/_exit.o
 .debug_macro   0x00000c07       0x35 ./system/src/newlib/_exit.o
 .debug_macro   0x00000c3c       0xd1 ./system/src/newlib/_sbrk.o
 .debug_macro   0x00000d0d       0x19 ./system/src/newlib/_sbrk.o
 .debug_macro   0x00000d26      0x16d ./system/src/newlib/_sbrk.o
 .debug_macro   0x00000e93       0x10 ./system/src/newlib/_sbrk.o
 .debug_macro   0x00000ea3      0x23b ./system/src/newlib/_sbrk.o
 .debug_macro   0x000010de       0xdb ./system/src/newlib/_startup.o
 .debug_macro   0x000011b9      0x34e ./system/src/newlib/_startup.o
 .debug_macro   0x00001507      0x169 ./system/src/newlib/_syscalls.o
 .debug_macro   0x00001670       0x1c ./system/src/newlib/_syscalls.o
 .debug_macro   0x0000168c       0x10 ./system/src/newlib/_syscalls.o
 .debug_macro   0x0000169c       0x10 ./system/src/newlib/_syscalls.o
 .debug_macro   0x000016ac       0x10 ./system/src/newlib/_syscalls.o
 .debug_macro   0x000016bc       0x35 ./system/src/newlib/_syscalls.o
 .debug_macro   0x000016f1      0x120 ./system/src/newlib/_syscalls.o
 .debug_macro   0x00001811       0x22 ./system/src/newlib/_syscalls.o
 .debug_macro   0x00001833       0x2b ./system/src/newlib/_syscalls.o
 .debug_macro   0x0000185e      0x118 ./system/src/newlib/_syscalls.o
 .debug_macro   0x00001976      0x13a ./system/src/newlib/_syscalls.o
 .debug_macro   0x00001ab0       0x16 ./system/src/newlib/_syscalls.o
 .debug_macro   0x00001ac6      0x137 ./system/src/newlib/assert.o
 .debug_macro   0x00001bfd       0x1c ./system/src/newlib/assert.o
 .debug_macro   0x00001c19       0x7a ./system/src/cortexm/_initialize_hardware.o
 .debug_macro   0x00001c93       0x2e ./system/src/cortexm/_initialize_hardware.o
 .debug_macro   0x00001cc1       0x22 ./system/src/cortexm/_initialize_hardware.o
 .debug_macro   0x00001ce3       0x3a ./system/src/cortexm/_initialize_hardware.o
 .debug_macro   0x00001d1d       0x2d ./system/src/cortexm/_initialize_hardware.o
 .debug_macro   0x00001d4a      0xbb1 ./system/src/cortexm/_initialize_hardware.o
 .debug_macro   0x000028fb     0x8ccf ./system/src/cortexm/_initialize_hardware.o
 .debug_macro   0x0000b5ca       0x43 ./system/src/cortexm/_initialize_hardware.o
 .debug_macro   0x0000b60d       0x1b ./system/src/cortexm/exception_handlers.o
 .debug_macro   0x0000b628      0x12e ./system/src/cmsis/system_stm32f2xx.o
 .debug_macro   0x0000b756      0x18d ./system/src/cmsis/system_stm32f2xx.o
 .debug_macro   0x0000b8e3       0x46 ./system/src/cmsis/system_stm32f2xx.o
 .debug_macro   0x0000b929      0xe89 ./system/src/cmsis/system_stm32f2xx.o
 .debug_macro   0x0000c7b2       0xe4 ./system/src/cmsis/system_stm32f2xx.o
 .debug_macro   0x0000c896      0x138 ./system/src/cmsis/system_stm32f2xx.o
 .debug_macro   0x0000c9ce      0x109 ./system/src/cmsis/system_stm32f2xx.o
 .debug_macro   0x0000cad7      0x2c6 ./system/src/cmsis/system_stm32f2xx.o
 .debug_macro   0x0000cd9d       0x52 ./system/src/cmsis/system_stm32f2xx.o
 .debug_macro   0x0000cdef      0x132 ./system/src/cmsis/system_stm32f2xx.o
 .debug_macro   0x0000cf21      0x1fc ./system/src/cmsis/system_stm32f2xx.o
 .debug_macro   0x0000d11d      0x155 ./system/src/cmsis/system_stm32f2xx.o
 .debug_macro   0x0000d272      0x1ca ./system/src/cmsis/system_stm32f2xx.o
 .debug_macro   0x0000d43c      0x1ed ./system/src/cmsis/system_stm32f2xx.o
 .debug_macro   0x0000d629      0x125 ./system/src/cmsis/system_stm32f2xx.o
 .debug_macro   0x0000d74e       0x1b ./system/src/cmsis/vectors_stm32f2xx.o
 .debug_macro   0x0000d769      0x176 ./system/STM32F2xx_HAL_Driver/Src/stm32f2xx_hal.o
 .debug_macro   0x0000d8df      0x128 ./system/STM32F2xx_HAL_Driver/Src/stm32f2xx_hal_cortex.o
 .debug_macro   0x0000da07      0x12f ./system/STM32F2xx_HAL_Driver/Src/stm32f2xx_hal_dma.o
 .debug_macro   0x0000db36      0x167 ./system/STM32F2xx_HAL_Driver/Src/stm32f2xx_hal_gpio.o
 .debug_macro   0x0000dc9d      0x128 ./system/STM32F2xx_HAL_Driver/Src/stm32f2xx_hal_msp_template.o
 .debug_macro   0x0000ddc5      0x16a ./system/STM32F2xx_HAL_Driver/Src/stm32f2xx_hal_rcc.o
 .debug_macro   0x0000df2f      0x12e ./system/STM32F2xx_HAL_Driver/Src/stm32f2xx_hal_spi.o
 .debug_macro   0x0000e05d      0x130 ./system/STM32F2xx_HAL_Driver/Src/stm32f2xx_hal_uart.o
 .debug_macro   0x0000e18d      0x13f ./system/FreeRTOS/list.o
 .debug_macro   0x0000e2cc      0x12c ./system/FreeRTOS/port.o
 .debug_macro   0x0000e3f8      0x20b ./system/FreeRTOS/tasks.o
 .debug_macro   0x0000e603       0x5b ./system/FreeRTOS/tasks.o
 .debug_macro   0x0000e65e       0x16 ./system/FreeRTOS/tasks.o
 .debug_macro   0x0000e674      0x2bd ./src/main.o
 .debug_macro   0x0000e931       0x16 ./src/main.o
 .debug_macro   0x0000e947       0x97 ./src/main.o
 .debug_macro   0x0000e9de       0x10 ./src/main.o
 .debug_macro   0x0000e9ee       0xf6 ./src/main.o
 .debug_macro   0x0000eae4       0x16 ./src/main.o
 .debug_macro   0x0000eafa      0x16c ./src/main.o
 .debug_macro   0x0000ec66      0x10c ./src/main.o
 .debug_macro   0x0000ed72       0x16 ./src/main.o
 .debug_macro   0x0000ed88       0x41 ./src/main.o
 .debug_macro   0x0000edc9      0x110 ./src/main.o
 .debug_macro   0x0000eed9      0x2c1 ./src/stm32f2xx_it.o
 .debug_macro   0x0000f19a      0x215 ./src/vs1003.o
 .debug_macro   0x0000f3af       0x40 ./src/vs1003.o
